// Jest Snapshot v1, https://goo.gl/fbAQLP

exports[`TheDate Component renders the UI as expected 1`] = `
<div>
  12/13/2019, 8:30:36 AM
</div>
`;
